// Jest Snapshot v1, https://goo.gl/fbAQLP

exports[`NoteMainPage component renders a .NoteMainPage by default 1`] = `
<section
  className="NoteMainPage"
>
  <Note
    onDeleteNote={[Function]}
  />
  <div
    className="NoteMainPage__content"
  >
    <p
      key="0"
    />
  </div>
</section>
`;

exports[`NoteMainPage component renders a Note with note prop 1`] = `
<Note
  onDeleteNote={[Function]}
/>
`;

exports[`NoteMainPage component splits the content by \\n or \\n\\r, with a p foreach 1`] = `null`;

exports[`NoteMainPage component splits the content by \\n or \\n\\r, with a p foreach 2`] = `null`;
